---
source: crates/skribble_rust/src/__tests.rs
expression: scanned.code
---
@layer default;

@property --sk-opacity-s {
  syntax: "<number>";
  inherits: true;
  initial-value: 1;
}

@property --sk-s {
  syntax: "<color>";
  inherits: true;
  initial-value: #f000b8;
}

@property --sk-opacity-p {
  syntax: "<number>";
  inherits: true;
  initial-value: 1;
}

@property --sk-p {
  syntax: "<color>";
  inherits: true;
  initial-value: #570df8;
}

@layer default {
  :root {
    --sk-opacity-s: 1;
    --sk-s: hsl(314 100% 47.0588% / var(--sk-opacity-s));
    --sk-opacity-p: 1;
    --sk-p: hsl(258.894 94.3775% 51.1765% / var(--sk-opacity-p));
  }

  .bg\:\$secondary {
    --sk-opacity-s: 1;
    background-color: var(--sk-s);
  }

  .bg\:\$primary {
    --sk-opacity-p: 1;
    background-color: var(--sk-p);
  }

  @media (min-width: 768px) {
    .md\:p\:\$px {
      padding: 1px;
    }
  }
}

