---
source: crates/skribble_rust/src/__tests.rs
expression: scanned.code
---
@layer base, default;

