---
source: crates/skribble_rust/src/scan.rs
expression: classes.to_skribble_css(config)?
---
/* Generated by Skribble */
@charset "utf-8";
@layer base, alias, default;
@layer default {
  .p\:\$px {
    padding: 1px;
  }
}

