---
source: crates/skribble_rust/src/__tests.rs
expression: scanned.code
---
@layer base, default;

@property --sk-op-a {
  syntax: "<number>";
  inherits: true;
  initial-value: 1;
}

@property --sk-clr-a {
  syntax: "*";
  inherits: true;
  initial-value: 174;
}

@property --sk-a {
  syntax: "<color>";
  inherits: true;
  initial-value: #37cdbe;
}

@layer default {
  :root {
    --sk-op-a: 1;
    --sk-clr-a: 174 60% 50.9804%;
    --sk-a: hsl(var(--sk-clr-a) / var(--sk-op-a));
  }

  .bg\:\$accent {
    background-color: hsl(var(--sk-clr-a) / var(--sk-op-a));
  }

  .bg\:\$red100 {
  }

  .aspect\:\$square {
    aspect-ratio: 1;
  }

  @media (width >= 768px) {
    .md\:p\:\$px {
      padding: 1px;
    }
  }

  @media (prefers-color-scheme: dark) {
    .dark\:p\:\$px {
      padding: 1px;
    }
  }
}

