---
source: crates/skribble_rust/src/scan.rs
expression: classes.to_skribble_css(config)?
---
/* Generated by Skribble */
@charset "utf-8";
@layer base, default;
@property --sk-cmw {
  syntax: "*";
  inherits: true;
  initial-value: inherit;
}
@layer default {
  .p\:\$px {
    padding: 1px;
  }
  .\$contained {
    width: 100%;
    max-width: var(--sk-cmw);
  }
  @media (min-width: 640px) {
    :root {
      --sk-cmw: 640px;
    }
  }
  @media (min-width: 768px) {
    :root {
      --sk-cmw: 768px;
    }
    .md\:p\:\$px {
      padding: 1px;
    }
  }
  @media (min-width: 1024px) {
    :root {
      --sk-cmw: 1024px;
    }
  }
  @media (min-width: 1280px) {
    :root {
      --sk-cmw: 1280px;
    }
  }
  @media (min-width: 1536px) {
    :root {
      --sk-cmw: 1536px;
    }
  }
}

