---
source: crates/skribble_core/src/css/__tests.rs
expression: classes.to_skribble_css(runner_config)?
---
/* Generated by Skribble */
@charset "utf-8";
@layer base, alias, default;
@layer default {
  .\[padding\=1px\] {
    padding: 1px;
  }
  .hover\:\[--something\=red\] {
    --something: red;
  }
  .aria-hidden\:\[--something\=red\] {
    --something: red;
  }
  @media (min-width: 768px) {
    .md\:\[padding\=1vh\] {
      padding: 1vh;
    }
  }
}

