---
source: crates/skribble_core/src/css/__tests.rs
expression: classes.to_skribble_css(runner_config)?
---
/* Generated by Skribble */
@charset "utf-8";
@layer base, default;
@property --sk-op-s {
  syntax: "<number>";
  inherits: true;
  initial-value: 1;
}
@property --sk-clr-s {
  syntax: "*";
  inherits: true;
  initial-value: 314 100% 47.058823%;
}
@property --sk-s {
  syntax: "<color>";
  inherits: true;
  initial-value: hsl(314 100% 47.058823%);
}
@property --sk-op-p {
  syntax: "<number>";
  inherits: true;
  initial-value: 1;
}
@property --sk-clr-p {
  syntax: "*";
  inherits: true;
  initial-value: 258.89362 94.37751% 51.17647%;
}
@property --sk-p {
  syntax: "<color>";
  inherits: true;
  initial-value: hsl(258.89362 94.37751% 51.17647%);
}
@layer default {
  :root {
    --sk-op-p: 1;
    --sk-clr-p: 258.89362 94.37751% 51.17647%;
    --sk-p: hsl(var(--sk-clr-p) / var(--sk-op-p));
  }
  .bg\:\$secondary {
    color: hsl(var(--sk-clr-s) / var(--sk-op-s));
  }
  @media print {
    :root {
      --sk-op-s: 1;
      --sk-clr-s: 240 100% 36.078434%;
      --sk-s: hsl(var(--sk-clr-s) / var(--sk-op-s));
    }
    .dark {
      --sk-op-s: 1;
      --sk-clr-s: 300 100% 50%;
      --sk-s: hsl(var(--sk-clr-s) / var(--sk-op-s));
    }
  }
  @media (min-width: 640px) {
    .sm\:bg\:\$primary {
      color: hsl(var(--sk-clr-p) / var(--sk-op-p));
    }
  }
  @media (prefers-color-scheme: dark) {
    :root {
      --sk-op-s: 1;
      --sk-clr-s: 60 100% 96.66667%;
      --sk-s: hsl(var(--sk-clr-s) / var(--sk-op-s));
    }
  }
}

