---
source: crates/skribble_core/src/css/__tests.rs
expression: classes.to_skribble_css(runner_config)?
---
/* Generated by Skribble */
@charset "utf-8";
@layer base, alias, default;
@layer default {
  .pt\:\$0 {
    padding-top: 0px;
  }
}

