---
source: crates/skribble_core/src/css/__tests.rs
expression: classes.to_skribble_css(runner_config)?
---
/* Generated by Skribble */
@charset "utf-8";
@layer base, alias, default;
@layer default {
  .pt\:\[1px\] {
    padding-top: 1px;
  }
  @media (min-width: 768px) {
    .md\:pt\:\[1vh\] {
      padding-top: 1vh;
    }
  }
}

