---
source: crates/skribble_core/src/css/__tests.rs
expression: css
---
/* Generated by Skribble */
@charset "utf-8";
@layer base, alias, default;
@keyframes spin {
  from {
    transform: rotate(0deg);
  }
  to {
    transform: rotate(360deg);
  }
}
@layer default {
  .animate\:\$spin {
    animation-name: spin;
  }
  @media screen {
    .screen\:animate\:\$spin {
      animation-name: spin;
    }
  }
}

