---
source: crates/skribble_core/src/css/__tests.rs
expression: css
---
/* Generated by Skribble */
@charset "utf-8";
@layer default;
@layer default {
  .\[padding\|1px\] {
    padding: 1px;
  }
  .\[something\|red\] {
    --something: red;
  }
  @media (min-width: 768px) {
    .md\:\[padding\|1vh\] {
      padding: 1vh;
    }
  }
}

