---
source: crates/skribble_core/src/css/__tests.rs
expression: css
---
/* Generated by Skribble */
@charset "utf-8";
@layer base, alias, default;
@property --sk-c {
  syntax: "*";
  inherits: true;
  initial-value: ;
}
@layer default {
  :root {
    --sk-c: ;
  }
  .needs-custom\:\$px {
    --sk-c: ;
  }
  .needs-custom\:\$10 {
    --sk-c: ;
  }
  .needs-custom\:\$10 {
    --some-variable: var(--sk-c);
  }
  .needs-custom\:\$px {
    --some-variable: var(--sk-c);
  }
}

