---
source: crates/skribble_preset/src/__tests.rs
expression: classes.to_skribble_css(runner_config)?
---
/* Generated by Skribble */
@charset "utf-8";
@layer base, alias, default;
@property --sk-p-hue {
  syntax: "<number> | <angle>";
  inherits: true;
  initial-value: 258.89362;
}
@property --sk-p-saturation {
  syntax: "<percentage>";
  inherits: true;
  initial-value: 94.37751%;
}
@property --sk-p-lightness {
  syntax: "<percentage>";
  inherits: true;
  initial-value: 51.17647%;
}
@property --sk-p-alpha {
  syntax: "<number> | <percentage>";
  inherits: true;
  initial-value: 1;
}
@property --sk-p {
  syntax: "<color>";
  inherits: true;
  initial-value: hsl(258.89362 94.37751% 51.17647%);
}
@layer default {
  :root {
    --sk-p-hue: 258.89362;
    --sk-p-saturation: 94.37751%;
    --sk-p-lightness: 51.17647%;
    --sk-p-alpha: 1;
    --sk-p: hsl(258.89362 94.37751% 51.17647%);
  }
  [dir=rtl] .rtl\:hover\:required\:bg\:\$primary:hover:required {
    background-color: var(--sk-p, #570df8);
  }
}

