---
source: crates/skribble_preset/src/__tests.rs
expression: classes.to_skribble_css(runner_config)?
---
/* Generated by Skribble */
@charset "utf-8";
@layer base, alias, default;
@layer default {
  .aspect\:\[2\/1\] {
    aspect-ratio: 2/1;
  }
  .aspect\:\$square {
    aspect-ratio: 1;
  }
  .aspect\:\$portrait {
    aspect-ratio: 9 / 16;
  }
}

