---
source: crates/skribble_preset/src/__tests.rs
expression: classes.to_skribble_css(runner_config)?
---
/* Generated by Skribble */
@charset "utf-8";
@layer base, alias, default, priority-class;
@property --sk-translate-x {
  syntax: "<length-percentage>";
  inherits: true;
  initial-value: 0;
}
@property --sk-translate-y {
  syntax: "<length-percentage>";
  inherits: true;
  initial-value: 0;
}
@property --sk-rotate {
  syntax: "<angle>";
  inherits: true;
  initial-value: 0;
}
@property --sk-skew-x {
  syntax: "<angle>";
  inherits: true;
  initial-value: 0;
}
@property --sk-skew-y {
  syntax: "<angle>";
  inherits: true;
  initial-value: 0;
}
@property --sk-scale-x {
  syntax: "<number> | <percentage>";
  inherits: true;
  initial-value: 1;
}
@property --sk-scale-y {
  syntax: "<number> | <percentage>";
  inherits: true;
  initial-value: 1;
}
@layer base {
  :root {
    --sk-translate-x: 0;
    --sk-translate-y: 0;
    --sk-rotate: 0;
    --sk-skew-x: 0;
    --sk-skew-y: 0;
    --sk-scale-x: 1;
    --sk-scale-y: 1;
  }
  .scale\:\$50 {
    transform: translate(var(--sk-translate-x), var(--sk-translate-y)) rotate(var(--sk-rotate)) skewX(var(--sk-skew-x)) skewY(var(--sk-skew-y)) scaleX(var(--sk-scale-x)) scaleY(var(--sk-scale-y));
  }
}
@layer default {
  :root {
    --sk-translate-x: 0;
    --sk-translate-y: 0;
    --sk-rotate: 0;
    --sk-skew-x: 0;
    --sk-skew-y: 0;
    --sk-scale-x: 1;
    --sk-scale-y: 1;
  }
  .\$transform-gpu {
    --sk-invalid-css-variable: --sk-invalid-css-variable;
    transform: translate3d(var(--sk-translate-x), var(--sk-translate-y), 0) rotate(var(--sk-rotate) skewX(var(--sk-skew-x)) skewY(var(--sk-skew-y)) scaleX(var(--sk-scale-x)) scaleY(var(--sk-scale-y));
  }
  .scale\:\$50 {
    --sk-scale-x: .5;
    --sk-scale-y: .5;
  }
}

